------------------------------------------------------------
TimeQuest Timing Analyzer Summary
------------------------------------------------------------

Type  : Slow 1200mV 85C Model Setup 'AUD_BCLK'
Slack : -4.234
TNS   : -273.280

Type  : Slow 1200mV 85C Model Setup 'SRAwesomeProject_Core:core|LCD_Core:lcd|LCD:lcd|FreqDividerN:clk1|clkOut'
Slack : -4.129
TNS   : -244.348

Type  : Slow 1200mV 85C Model Setup 'SRAwesomeProject_Core:core|AudioCore:audio_unit|AudioInterfaceCore:audio_interface|Audio_SerDes:u2|AUD_BCK'
Slack : -3.300
TNS   : -102.877

Type  : Slow 1200mV 85C Model Setup 'SRAwesomeProject_Core:core|AudioCore:audio_unit|AudioInterfaceCore:audio_interface|I2C_Audio_Config:u1|mI2C_CTRL_CLK'
Slack : -2.466
TNS   : -85.591

Type  : Slow 1200mV 85C Model Setup 'SRAwesomeProject_Core:core|PWMCounter:PWMCounter|FreqDividerN:clk|clkOut'
Slack : -2.095
TNS   : -11.659

Type  : Slow 1200mV 85C Model Setup 'CLOCK_50'
Slack : -1.068
TNS   : -14.783

Type  : Slow 1200mV 85C Model Setup 'SRAwesomeProject_Core:core|LCD_Core:lcd|FreqDividerN:clk|clkOut'
Slack : 0.102
TNS   : 0.000

Type  : Slow 1200mV 85C Model Setup 'core|audio_unit|audio_interface|p1|altpll_component|auto_generated|pll1|clk[0]'
Slack : 1.181
TNS   : 0.000

Type  : Slow 1200mV 85C Model Hold 'core|audio_unit|audio_interface|p1|altpll_component|auto_generated|pll1|clk[0]'
Slack : -2.064
TNS   : -2.064

Type  : Slow 1200mV 85C Model Hold 'SRAwesomeProject_Core:core|AudioCore:audio_unit|AudioInterfaceCore:audio_interface|I2C_Audio_Config:u1|mI2C_CTRL_CLK'
Slack : 0.391
TNS   : 0.000

Type  : Slow 1200mV 85C Model Hold 'CLOCK_50'
Slack : 0.402
TNS   : 0.000

Type  : Slow 1200mV 85C Model Hold 'SRAwesomeProject_Core:core|LCD_Core:lcd|FreqDividerN:clk|clkOut'
Slack : 0.403
TNS   : 0.000

Type  : Slow 1200mV 85C Model Hold 'SRAwesomeProject_Core:core|LCD_Core:lcd|LCD:lcd|FreqDividerN:clk1|clkOut'
Slack : 0.403
TNS   : 0.000

Type  : Slow 1200mV 85C Model Hold 'SRAwesomeProject_Core:core|PWMCounter:PWMCounter|FreqDividerN:clk|clkOut'
Slack : 0.404
TNS   : 0.000

Type  : Slow 1200mV 85C Model Hold 'SRAwesomeProject_Core:core|AudioCore:audio_unit|AudioInterfaceCore:audio_interface|Audio_SerDes:u2|AUD_BCK'
Slack : 0.407
TNS   : 0.000

Type  : Slow 1200mV 85C Model Hold 'AUD_BCLK'
Slack : 0.440
TNS   : 0.000

Type  : Slow 1200mV 85C Model Recovery 'core|audio_unit|audio_interface|p1|altpll_component|auto_generated|pll1|clk[0]'
Slack : -1.246
TNS   : -12.630

Type  : Slow 1200mV 85C Model Recovery 'SRAwesomeProject_Core:core|AudioCore:audio_unit|AudioInterfaceCore:audio_interface|Audio_SerDes:u2|AUD_BCK'
Slack : -0.084
TNS   : -1.836

Type  : Slow 1200mV 85C Model Removal 'SRAwesomeProject_Core:core|AudioCore:audio_unit|AudioInterfaceCore:audio_interface|Audio_SerDes:u2|AUD_BCK'
Slack : 0.309
TNS   : 0.000

Type  : Slow 1200mV 85C Model Removal 'core|audio_unit|audio_interface|p1|altpll_component|auto_generated|pll1|clk[0]'
Slack : 1.896
TNS   : 0.000

Type  : Slow 1200mV 85C Model Minimum Pulse Width 'AUD_BCLK'
Slack : -3.210
TNS   : -97.015

Type  : Slow 1200mV 85C Model Minimum Pulse Width 'SRAwesomeProject_Core:core|AudioCore:audio_unit|AudioInterfaceCore:audio_interface|Audio_SerDes:u2|AUD_BCK'
Slack : -3.210
TNS   : -49.470

Type  : Slow 1200mV 85C Model Minimum Pulse Width 'SRAwesomeProject_Core:core|LCD_Core:lcd|LCD:lcd|FreqDividerN:clk1|clkOut'
Slack : -1.285
TNS   : -118.220

Type  : Slow 1200mV 85C Model Minimum Pulse Width 'SRAwesomeProject_Core:core|AudioCore:audio_unit|AudioInterfaceCore:audio_interface|I2C_Audio_Config:u1|mI2C_CTRL_CLK'
Slack : -1.285
TNS   : -61.680

Type  : Slow 1200mV 85C Model Minimum Pulse Width 'SRAwesomeProject_Core:core|PWMCounter:PWMCounter|FreqDividerN:clk|clkOut'
Slack : -1.285
TNS   : -11.565

Type  : Slow 1200mV 85C Model Minimum Pulse Width 'SRAwesomeProject_Core:core|LCD_Core:lcd|FreqDividerN:clk|clkOut'
Slack : -1.285
TNS   : -2.570

Type  : Slow 1200mV 85C Model Minimum Pulse Width 'CLOCK_50'
Slack : 9.756
TNS   : 0.000

Type  : Slow 1200mV 85C Model Minimum Pulse Width 'core|audio_unit|audio_interface|p1|altpll_component|auto_generated|pll1|clk[0]'
Slack : 27.487
TNS   : 0.000

Type  : Slow 1200mV 0C Model Setup 'SRAwesomeProject_Core:core|LCD_Core:lcd|LCD:lcd|FreqDividerN:clk1|clkOut'
Slack : -3.717
TNS   : -214.712

Type  : Slow 1200mV 0C Model Setup 'AUD_BCLK'
Slack : -3.619
TNS   : -241.074

Type  : Slow 1200mV 0C Model Setup 'SRAwesomeProject_Core:core|AudioCore:audio_unit|AudioInterfaceCore:audio_interface|Audio_SerDes:u2|AUD_BCK'
Slack : -2.896
TNS   : -89.528

Type  : Slow 1200mV 0C Model Setup 'SRAwesomeProject_Core:core|AudioCore:audio_unit|AudioInterfaceCore:audio_interface|I2C_Audio_Config:u1|mI2C_CTRL_CLK'
Slack : -2.169
TNS   : -74.239

Type  : Slow 1200mV 0C Model Setup 'SRAwesomeProject_Core:core|PWMCounter:PWMCounter|FreqDividerN:clk|clkOut'
Slack : -1.821
TNS   : -9.725

Type  : Slow 1200mV 0C Model Setup 'CLOCK_50'
Slack : -0.853
TNS   : -11.215

Type  : Slow 1200mV 0C Model Setup 'SRAwesomeProject_Core:core|LCD_Core:lcd|FreqDividerN:clk|clkOut'
Slack : 0.192
TNS   : 0.000

Type  : Slow 1200mV 0C Model Setup 'core|audio_unit|audio_interface|p1|altpll_component|auto_generated|pll1|clk[0]'
Slack : 1.113
TNS   : 0.000

Type  : Slow 1200mV 0C Model Hold 'core|audio_unit|audio_interface|p1|altpll_component|auto_generated|pll1|clk[0]'
Slack : -1.918
TNS   : -1.918

Type  : Slow 1200mV 0C Model Hold 'SRAwesomeProject_Core:core|AudioCore:audio_unit|AudioInterfaceCore:audio_interface|I2C_Audio_Config:u1|mI2C_CTRL_CLK'
Slack : 0.343
TNS   : 0.000

Type  : Slow 1200mV 0C Model Hold 'CLOCK_50'
Slack : 0.354
TNS   : 0.000

Type  : Slow 1200mV 0C Model Hold 'SRAwesomeProject_Core:core|LCD_Core:lcd|FreqDividerN:clk|clkOut'
Slack : 0.354
TNS   : 0.000

Type  : Slow 1200mV 0C Model Hold 'SRAwesomeProject_Core:core|LCD_Core:lcd|LCD:lcd|FreqDividerN:clk1|clkOut'
Slack : 0.354
TNS   : 0.000

Type  : Slow 1200mV 0C Model Hold 'SRAwesomeProject_Core:core|AudioCore:audio_unit|AudioInterfaceCore:audio_interface|Audio_SerDes:u2|AUD_BCK'
Slack : 0.356
TNS   : 0.000

Type  : Slow 1200mV 0C Model Hold 'SRAwesomeProject_Core:core|PWMCounter:PWMCounter|FreqDividerN:clk|clkOut'
Slack : 0.356
TNS   : 0.000

Type  : Slow 1200mV 0C Model Hold 'AUD_BCLK'
Slack : 0.387
TNS   : 0.000

Type  : Slow 1200mV 0C Model Recovery 'core|audio_unit|audio_interface|p1|altpll_component|auto_generated|pll1|clk[0]'
Slack : -0.934
TNS   : -8.344

Type  : Slow 1200mV 0C Model Recovery 'SRAwesomeProject_Core:core|AudioCore:audio_unit|AudioInterfaceCore:audio_interface|Audio_SerDes:u2|AUD_BCK'
Slack : -0.004
TNS   : -0.056

Type  : Slow 1200mV 0C Model Removal 'SRAwesomeProject_Core:core|AudioCore:audio_unit|AudioInterfaceCore:audio_interface|Audio_SerDes:u2|AUD_BCK'
Slack : 0.264
TNS   : 0.000

Type  : Slow 1200mV 0C Model Removal 'core|audio_unit|audio_interface|p1|altpll_component|auto_generated|pll1|clk[0]'
Slack : 1.701
TNS   : 0.000

Type  : Slow 1200mV 0C Model Minimum Pulse Width 'AUD_BCLK'
Slack : -3.210
TNS   : -97.015

Type  : Slow 1200mV 0C Model Minimum Pulse Width 'SRAwesomeProject_Core:core|AudioCore:audio_unit|AudioInterfaceCore:audio_interface|Audio_SerDes:u2|AUD_BCK'
Slack : -3.210
TNS   : -49.470

Type  : Slow 1200mV 0C Model Minimum Pulse Width 'SRAwesomeProject_Core:core|LCD_Core:lcd|LCD:lcd|FreqDividerN:clk1|clkOut'
Slack : -1.285
TNS   : -118.220

Type  : Slow 1200mV 0C Model Minimum Pulse Width 'SRAwesomeProject_Core:core|AudioCore:audio_unit|AudioInterfaceCore:audio_interface|I2C_Audio_Config:u1|mI2C_CTRL_CLK'
Slack : -1.285
TNS   : -61.680

Type  : Slow 1200mV 0C Model Minimum Pulse Width 'SRAwesomeProject_Core:core|PWMCounter:PWMCounter|FreqDividerN:clk|clkOut'
Slack : -1.285
TNS   : -11.565

Type  : Slow 1200mV 0C Model Minimum Pulse Width 'SRAwesomeProject_Core:core|LCD_Core:lcd|FreqDividerN:clk|clkOut'
Slack : -1.285
TNS   : -2.570

Type  : Slow 1200mV 0C Model Minimum Pulse Width 'CLOCK_50'
Slack : 9.776
TNS   : 0.000

Type  : Slow 1200mV 0C Model Minimum Pulse Width 'core|audio_unit|audio_interface|p1|altpll_component|auto_generated|pll1|clk[0]'
Slack : 27.488
TNS   : 0.000

Type  : Fast 1200mV 0C Model Setup 'AUD_BCLK'
Slack : -2.029
TNS   : -110.781

Type  : Fast 1200mV 0C Model Setup 'SRAwesomeProject_Core:core|LCD_Core:lcd|LCD:lcd|FreqDividerN:clk1|clkOut'
Slack : -1.518
TNS   : -78.931

Type  : Fast 1200mV 0C Model Setup 'SRAwesomeProject_Core:core|AudioCore:audio_unit|AudioInterfaceCore:audio_interface|Audio_SerDes:u2|AUD_BCK'
Slack : -1.483
TNS   : -45.947

Type  : Fast 1200mV 0C Model Setup 'SRAwesomeProject_Core:core|AudioCore:audio_unit|AudioInterfaceCore:audio_interface|I2C_Audio_Config:u1|mI2C_CTRL_CLK'
Slack : -0.681
TNS   : -16.598

Type  : Fast 1200mV 0C Model Setup 'SRAwesomeProject_Core:core|PWMCounter:PWMCounter|FreqDividerN:clk|clkOut'
Slack : -0.485
TNS   : -1.895

Type  : Fast 1200mV 0C Model Setup 'CLOCK_50'
Slack : -0.210
TNS   : -0.388

Type  : Fast 1200mV 0C Model Setup 'SRAwesomeProject_Core:core|LCD_Core:lcd|FreqDividerN:clk|clkOut'
Slack : 0.557
TNS   : 0.000

Type  : Fast 1200mV 0C Model Setup 'core|audio_unit|audio_interface|p1|altpll_component|auto_generated|pll1|clk[0]'
Slack : 0.574
TNS   : 0.000

Type  : Fast 1200mV 0C Model Hold 'core|audio_unit|audio_interface|p1|altpll_component|auto_generated|pll1|clk[0]'
Slack : -1.110
TNS   : -1.110

Type  : Fast 1200mV 0C Model Hold 'CLOCK_50'
Slack : 0.091
TNS   : 0.000

Type  : Fast 1200mV 0C Model Hold 'SRAwesomeProject_Core:core|AudioCore:audio_unit|AudioInterfaceCore:audio_interface|Audio_SerDes:u2|AUD_BCK'
Slack : 0.162
TNS   : 0.000

Type  : Fast 1200mV 0C Model Hold 'SRAwesomeProject_Core:core|AudioCore:audio_unit|AudioInterfaceCore:audio_interface|I2C_Audio_Config:u1|mI2C_CTRL_CLK'
Slack : 0.176
TNS   : 0.000

Type  : Fast 1200mV 0C Model Hold 'SRAwesomeProject_Core:core|LCD_Core:lcd|FreqDividerN:clk|clkOut'
Slack : 0.181
TNS   : 0.000

Type  : Fast 1200mV 0C Model Hold 'SRAwesomeProject_Core:core|LCD_Core:lcd|LCD:lcd|FreqDividerN:clk1|clkOut'
Slack : 0.182
TNS   : 0.000

Type  : Fast 1200mV 0C Model Hold 'SRAwesomeProject_Core:core|PWMCounter:PWMCounter|FreqDividerN:clk|clkOut'
Slack : 0.183
TNS   : 0.000

Type  : Fast 1200mV 0C Model Hold 'AUD_BCLK'
Slack : 0.201
TNS   : 0.000

Type  : Fast 1200mV 0C Model Recovery 'SRAwesomeProject_Core:core|AudioCore:audio_unit|AudioInterfaceCore:audio_interface|Audio_SerDes:u2|AUD_BCK'
Slack : 0.339
TNS   : 0.000

Type  : Fast 1200mV 0C Model Recovery 'core|audio_unit|audio_interface|p1|altpll_component|auto_generated|pll1|clk[0]'
Slack : 0.367
TNS   : 0.000

Type  : Fast 1200mV 0C Model Removal 'SRAwesomeProject_Core:core|AudioCore:audio_unit|AudioInterfaceCore:audio_interface|Audio_SerDes:u2|AUD_BCK'
Slack : 0.137
TNS   : 0.000

Type  : Fast 1200mV 0C Model Removal 'core|audio_unit|audio_interface|p1|altpll_component|auto_generated|pll1|clk[0]'
Slack : 0.920
TNS   : 0.000

Type  : Fast 1200mV 0C Model Minimum Pulse Width 'AUD_BCLK'
Slack : -3.000
TNS   : -91.304

Type  : Fast 1200mV 0C Model Minimum Pulse Width 'SRAwesomeProject_Core:core|AudioCore:audio_unit|AudioInterfaceCore:audio_interface|Audio_SerDes:u2|AUD_BCK'
Slack : -3.000
TNS   : -39.000

Type  : Fast 1200mV 0C Model Minimum Pulse Width 'SRAwesomeProject_Core:core|LCD_Core:lcd|LCD:lcd|FreqDividerN:clk1|clkOut'
Slack : -1.000
TNS   : -92.000

Type  : Fast 1200mV 0C Model Minimum Pulse Width 'SRAwesomeProject_Core:core|AudioCore:audio_unit|AudioInterfaceCore:audio_interface|I2C_Audio_Config:u1|mI2C_CTRL_CLK'
Slack : -1.000
TNS   : -48.000

Type  : Fast 1200mV 0C Model Minimum Pulse Width 'SRAwesomeProject_Core:core|PWMCounter:PWMCounter|FreqDividerN:clk|clkOut'
Slack : -1.000
TNS   : -9.000

Type  : Fast 1200mV 0C Model Minimum Pulse Width 'SRAwesomeProject_Core:core|LCD_Core:lcd|FreqDividerN:clk|clkOut'
Slack : -1.000
TNS   : -2.000

Type  : Fast 1200mV 0C Model Minimum Pulse Width 'CLOCK_50'
Slack : 9.414
TNS   : 0.000

Type  : Fast 1200mV 0C Model Minimum Pulse Width 'core|audio_unit|audio_interface|p1|altpll_component|auto_generated|pll1|clk[0]'
Slack : 27.557
TNS   : 0.000

------------------------------------------------------------
